table_name,column_name,metric,value,time_window_start,time_window_end
re_data_raw.sample_table,event_type,max_length,4,2021-05-01 00:00:00,2021-05-02 00:00:00
re_data_raw.sample_with_anomaly,event_type,max_length,3,2021-05-01 00:00:00,2021-05-02 00:00:00
re_data_raw.sample_table,event_type,max_length,3,2021-05-02 00:00:00,2021-05-03 00:00:00
re_data_raw.sample_with_anomaly,event_type,max_length,3,2021-05-02 00:00:00,2021-05-03 00:00:00
